### BTest baseline data generated by btest-diff. Do not edit. Use "btest -U/-u" to update. Requires BTest >= 0.63.
### NOTE: This file has been sorted with diff-sort.
discovery_message, \xb6\x84}\xd2\x12\xaew{\xfa\xe2\x14\xb3m\x0d\x97\x11R\xf0\xc7\xe0RN\x0c(\xb0\xa0\x10[_\xa6\x16\x17
discovery_message, \xb6\x84}\xd2\x12\xaew{\xfa\xe2\x14\xb3m\x0d\x97\x11R\xf0\xc7\xe0RN\x0c(\xb0\xa0\x10[_\xa6\x16\x17
discovery_message, \xb6\x84}\xd2\x12\xaew{\xfa\xe2\x14\xb3m\x0d\x97\x11R\xf0\xc7\xe0RN\x0c(\xb0\xa0\x10[_\xa6\x16\x17
discovery_message, \xb6\x84}\xd2\x12\xaew{\xfa\xe2\x14\xb3m\x0d\x97\x11R\xf0\xc7\xe0RN\x0c(\xb0\xa0\x10[_\xa6\x16\x17
discovery_message, \xb6\x84}\xd2\x12\xaew{\xfa\xe2\x14\xb3m\x0d\x97\x11R\xf0\xc7\xe0RN\x0c(\xb0\xa0\x10[_\xa6\x16\x17
discovery_message, \xb6\x84}\xd2\x12\xaew{\xfa\xe2\x14\xb3m\x0d\x97\x11R\xf0\xc7\xe0RN\x0c(\xb0\xa0\x10[_\xa6\x16\x17
discovery_message, \xb6\x84}\xd2\x12\xaew{\xfa\xe2\x14\xb3m\x0d\x97\x11R\xf0\xc7\xe0RN\x0c(\xb0\xa0\x10[_\xa6\x16\x17
discovery_message, \xb6\x84}\xd2\x12\xaew{\xfa\xe2\x14\xb3m\x0d\x97\x11R\xf0\xc7\xe0RN\x0c(\xb0\xa0\x10[_\xa6\x16\x17
discovery_message, \xb6\x84}\xd2\x12\xaew{\xfa\xe2\x14\xb3m\x0d\x97\x11R\xf0\xc7\xe0RN\x0c(\xb0\xa0\x10[_\xa6\x16\x17
discovery_message, \xb6\x84}\xd2\x12\xaew{\xfa\xe2\x14\xb3m\x0d\x97\x11R\xf0\xc7\xe0RN\x0c(\xb0\xa0\x10[_\xa6\x16\x17
discovery_message, \xb6\x84}\xd2\x12\xaew{\xfa\xe2\x14\xb3m\x0d\x97\x11R\xf0\xc7\xe0RN\x0c(\xb0\xa0\x10[_\xa6\x16\x17
discovery_message, \xb6\x84}\xd2\x12\xaew{\xfa\xe2\x14\xb3m\x0d\x97\x11R\xf0\xc7\xe0RN\x0c(\xb0\xa0\x10[_\xa6\x16\x17
discovery_message, \xb6\x84}\xd2\x12\xaew{\xfa\xe2\x14\xb3m\x0d\x97\x11R\xf0\xc7\xe0RN\x0c(\xb0\xa0\x10[_\xa6\x16\x17
discovery_message, \xb6\x84}\xd2\x12\xaew{\xfa\xe2\x14\xb3m\x0d\x97\x11R\xf0\xc7\xe0RN\x0c(\xb0\xa0\x10[_\xa6\x16\x17
discovery_message, \xb6\x84}\xd2\x12\xaew{\xfa\xe2\x14\xb3m\x0d\x97\x11R\xf0\xc7\xe0RN\x0c(\xb0\xa0\x10[_\xa6\x16\x17
discovery_message, \xb6\x84}\xd2\x12\xaew{\xfa\xe2\x14\xb3m\x0d\x97\x11R\xf0\xc7\xe0RN\x0c(\xb0\xa0\x10[_\xa6\x16\x17
discovery_message, \xb6\x84}\xd2\x12\xaew{\xfa\xe2\x14\xb3m\x0d\x97\x11R\xf0\xc7\xe0RN\x0c(\xb0\xa0\x10[_\xa6\x16\x17
discovery_message, \xb6\x84}\xd2\x12\xaew{\xfa\xe2\x14\xb3m\x0d\x97\x11R\xf0\xc7\xe0RN\x0c(\xb0\xa0\x10[_\xa6\x16\x17
discovery_message, \xb6\x84}\xd2\x12\xaew{\xfa\xe2\x14\xb3m\x0d\x97\x11R\xf0\xc7\xe0RN\x0c(\xb0\xa0\x10[_\xa6\x16\x17
discovery_message, \xb6\x84}\xd2\x12\xaew{\xfa\xe2\x14\xb3m\x0d\x97\x11R\xf0\xc7\xe0RN\x0c(\xb0\xa0\x10[_\xa6\x16\x17
discovery_message, \xb6\x84}\xd2\x12\xaew{\xfa\xe2\x14\xb3m\x0d\x97\x11R\xf0\xc7\xe0RN\x0c(\xb0\xa0\x10[_\xa6\x16\x17
discovery_message, \xb6\x84}\xd2\x12\xaew{\xfa\xe2\x14\xb3m\x0d\x97\x11R\xf0\xc7\xe0RN\x0c(\xb0\xa0\x10[_\xa6\x16\x17
discovery_message, \xb6\x84}\xd2\x12\xaew{\xfa\xe2\x14\xb3m\x0d\x97\x11R\xf0\xc7\xe0RN\x0c(\xb0\xa0\x10[_\xa6\x16\x17
discovery_message, \xb6\x84}\xd2\x12\xaew{\xfa\xe2\x14\xb3m\x0d\x97\x11R\xf0\xc7\xe0RN\x0c(\xb0\xa0\x10[_\xa6\x16\x17
discovery_message, \xb6\x84}\xd2\x12\xaew{\xfa\xe2\x14\xb3m\x0d\x97\x11R\xf0\xc7\xe0RN\x0c(\xb0\xa0\x10[_\xa6\x16\x17
discovery_message, \xb6\x84}\xd2\x12\xaew{\xfa\xe2\x14\xb3m\x0d\x97\x11R\xf0\xc7\xe0RN\x0c(\xb0\xa0\x10[_\xa6\x16\x17
discovery_message, \xb6\x84}\xd2\x12\xaew{\xfa\xe2\x14\xb3m\x0d\x97\x11R\xf0\xc7\xe0RN\x0c(\xb0\xa0\x10[_\xa6\x16\x17
discovery_message, \xb6\x84}\xd2\x12\xaew{\xfa\xe2\x14\xb3m\x0d\x97\x11R\xf0\xc7\xe0RN\x0c(\xb0\xa0\x10[_\xa6\x16\x17
discovery_message, \xb6\x84}\xd2\x12\xaew{\xfa\xe2\x14\xb3m\x0d\x97\x11R\xf0\xc7\xe0RN\x0c(\xb0\xa0\x10[_\xa6\x16\x17
discovery_message, \xb6\x84}\xd2\x12\xaew{\xfa\xe2\x14\xb3m\x0d\x97\x11R\xf0\xc7\xe0RN\x0c(\xb0\xa0\x10[_\xa6\x16\x17
discovery_message, \xb6\x84}\xd2\x12\xaew{\xfa\xe2\x14\xb3m\x0d\x97\x11R\xf0\xc7\xe0RN\x0c(\xb0\xa0\x10[_\xa6\x16\x17
discovery_message, oj#v\xda\xc5\x0e\xee\xe3\xdd\x14\xec\x0a\x9e\x8e)\x9c*/\x05@\x88\xd3i\x15\xba\x03\x07\x91\xba\xd0v
discovery_message, oj#v\xda\xc5\x0e\xee\xe3\xdd\x14\xec\x0a\x9e\x8e)\x9c*/\x05@\x88\xd3i\x15\xba\x03\x07\x91\xba\xd0v
discovery_message, oj#v\xda\xc5\x0e\xee\xe3\xdd\x14\xec\x0a\x9e\x8e)\x9c*/\x05@\x88\xd3i\x15\xba\x03\x07\x91\xba\xd0v
discovery_message, oj#v\xda\xc5\x0e\xee\xe3\xdd\x14\xec\x0a\x9e\x8e)\x9c*/\x05@\x88\xd3i\x15\xba\x03\x07\x91\xba\xd0v
discovery_message, oj#v\xda\xc5\x0e\xee\xe3\xdd\x14\xec\x0a\x9e\x8e)\x9c*/\x05@\x88\xd3i\x15\xba\x03\x07\x91\xba\xd0v
discovery_message, oj#v\xda\xc5\x0e\xee\xe3\xdd\x14\xec\x0a\x9e\x8e)\x9c*/\x05@\x88\xd3i\x15\xba\x03\x07\x91\xba\xd0v
discovery_message, oj#v\xda\xc5\x0e\xee\xe3\xdd\x14\xec\x0a\x9e\x8e)\x9c*/\x05@\x88\xd3i\x15\xba\x03\x07\x91\xba\xd0v
discovery_message, oj#v\xda\xc5\x0e\xee\xe3\xdd\x14\xec\x0a\x9e\x8e)\x9c*/\x05@\x88\xd3i\x15\xba\x03\x07\x91\xba\xd0v
discovery_message, oj#v\xda\xc5\x0e\xee\xe3\xdd\x14\xec\x0a\x9e\x8e)\x9c*/\x05@\x88\xd3i\x15\xba\x03\x07\x91\xba\xd0v
discovery_message, oj#v\xda\xc5\x0e\xee\xe3\xdd\x14\xec\x0a\x9e\x8e)\x9c*/\x05@\x88\xd3i\x15\xba\x03\x07\x91\xba\xd0v
discovery_message, oj#v\xda\xc5\x0e\xee\xe3\xdd\x14\xec\x0a\x9e\x8e)\x9c*/\x05@\x88\xd3i\x15\xba\x03\x07\x91\xba\xd0v
discovery_message, oj#v\xda\xc5\x0e\xee\xe3\xdd\x14\xec\x0a\x9e\x8e)\x9c*/\x05@\x88\xd3i\x15\xba\x03\x07\x91\xba\xd0v
discovery_message, oj#v\xda\xc5\x0e\xee\xe3\xdd\x14\xec\x0a\x9e\x8e)\x9c*/\x05@\x88\xd3i\x15\xba\x03\x07\x91\xba\xd0v
discovery_message, oj#v\xda\xc5\x0e\xee\xe3\xdd\x14\xec\x0a\x9e\x8e)\x9c*/\x05@\x88\xd3i\x15\xba\x03\x07\x91\xba\xd0v
discovery_message, oj#v\xda\xc5\x0e\xee\xe3\xdd\x14\xec\x0a\x9e\x8e)\x9c*/\x05@\x88\xd3i\x15\xba\x03\x07\x91\xba\xd0v
discovery_message, oj#v\xda\xc5\x0e\xee\xe3\xdd\x14\xec\x0a\x9e\x8e)\x9c*/\x05@\x88\xd3i\x15\xba\x03\x07\x91\xba\xd0v
discovery_message, oj#v\xda\xc5\x0e\xee\xe3\xdd\x14\xec\x0a\x9e\x8e)\x9c*/\x05@\x88\xd3i\x15\xba\x03\x07\x91\xba\xd0v
discovery_message, oj#v\xda\xc5\x0e\xee\xe3\xdd\x14\xec\x0a\x9e\x8e)\x9c*/\x05@\x88\xd3i\x15\xba\x03\x07\x91\xba\xd0v
discovery_message, oj#v\xda\xc5\x0e\xee\xe3\xdd\x14\xec\x0a\x9e\x8e)\x9c*/\x05@\x88\xd3i\x15\xba\x03\x07\x91\xba\xd0v
discovery_message, oj#v\xda\xc5\x0e\xee\xe3\xdd\x14\xec\x0a\x9e\x8e)\x9c*/\x05@\x88\xd3i\x15\xba\x03\x07\x91\xba\xd0v
discovery_message, oj#v\xda\xc5\x0e\xee\xe3\xdd\x14\xec\x0a\x9e\x8e)\x9c*/\x05@\x88\xd3i\x15\xba\x03\x07\x91\xba\xd0v
discovery_message, oj#v\xda\xc5\x0e\xee\xe3\xdd\x14\xec\x0a\x9e\x8e)\x9c*/\x05@\x88\xd3i\x15\xba\x03\x07\x91\xba\xd0v
discovery_message, oj#v\xda\xc5\x0e\xee\xe3\xdd\x14\xec\x0a\x9e\x8e)\x9c*/\x05@\x88\xd3i\x15\xba\x03\x07\x91\xba\xd0v
discovery_message, oj#v\xda\xc5\x0e\xee\xe3\xdd\x14\xec\x0a\x9e\x8e)\x9c*/\x05@\x88\xd3i\x15\xba\x03\x07\x91\xba\xd0v
discovery_message, oj#v\xda\xc5\x0e\xee\xe3\xdd\x14\xec\x0a\x9e\x8e)\x9c*/\x05@\x88\xd3i\x15\xba\x03\x07\x91\xba\xd0v
discovery_message, oj#v\xda\xc5\x0e\xee\xe3\xdd\x14\xec\x0a\x9e\x8e)\x9c*/\x05@\x88\xd3i\x15\xba\x03\x07\x91\xba\xd0v
discovery_message, oj#v\xda\xc5\x0e\xee\xe3\xdd\x14\xec\x0a\x9e\x8e)\x9c*/\x05@\x88\xd3i\x15\xba\x03\x07\x91\xba\xd0v
discovery_message, oj#v\xda\xc5\x0e\xee\xe3\xdd\x14\xec\x0a\x9e\x8e)\x9c*/\x05@\x88\xd3i\x15\xba\x03\x07\x91\xba\xd0v
discovery_message, oj#v\xda\xc5\x0e\xee\xe3\xdd\x14\xec\x0a\x9e\x8e)\x9c*/\x05@\x88\xd3i\x15\xba\x03\x07\x91\xba\xd0v
discovery_message, oj#v\xda\xc5\x0e\xee\xe3\xdd\x14\xec\x0a\x9e\x8e)\x9c*/\x05@\x88\xd3i\x15\xba\x03\x07\x91\xba\xd0v
packet_data, 2050934936, 112
packet_data, 2050934936, 112
packet_data, 2050934936, 112
packet_data, 2050934936, 112
packet_data, 2050934936, 112
packet_data, 2050934936, 112
packet_data, 2050934936, 112
packet_data, 2050934936, 112
packet_data, 2050934936, 112
packet_data, 2050934936, 112
packet_data, 2050934936, 112
packet_data, 2050934936, 112
packet_data, 2050934936, 112
packet_data, 2050934936, 112
packet_data, 2050934936, 112
packet_data, 2050934936, 112
packet_data, 2050934936, 112
packet_data, 2050934936, 112
packet_data, 2050934936, 112
packet_data, 2050934936, 112
packet_data, 2050934936, 112
packet_data, 2050934936, 112
packet_data, 2050934936, 112
packet_data, 2050934936, 112
packet_data, 2050934936, 112
packet_data, 2050934936, 112
packet_data, 2430816763, 112
packet_data, 2430816763, 112
packet_data, 2430816763, 112
packet_data, 2430816763, 112
packet_data, 2430816763, 112
packet_data, 2430816763, 112
packet_data, 2430816763, 112
packet_data, 2430816763, 112
packet_data, 2430816763, 112
packet_data, 2430816763, 112
packet_data, 2430816763, 112
packet_data, 2430816763, 112
packet_data, 2430816763, 112
packet_data, 2430816763, 112
packet_data, 2430816763, 112
packet_data, 2430816763, 112
packet_data, 2430816763, 112
packet_data, 2430816763, 112
packet_data, 2430816763, 112
packet_data, 2430816763, 112
