### BTest baseline data generated by btest-diff. Do not edit. Use "btest -U/-u" to update. Requires BTest >= 0.63.
### NOTE: This file has been sorted with diff-sort.
Handshake initiation, 3294832738, \x00\x00\x00\x00\x00\x00\x00\x00\x00\x00\x00\x00\x00\x00\x00\x00
Handshake response, 182872200, 3294832738
packet_data, 182872200, 112
packet_data, 182872200, 112
packet_data, 182872200, 112
packet_data, 182872200, 112
packet_data, 182872200, 112
packet_data, 182872200, 112
packet_data, 182872200, 112
packet_data, 182872200, 112
packet_data, 182872200, 112
packet_data, 182872200, 112
packet_data, 182872200, 112
packet_data, 182872200, 112
packet_data, 182872200, 112
packet_data, 182872200, 112
packet_data, 182872200, 112
packet_data, 182872200, 112
packet_data, 182872200, 112
packet_data, 182872200, 112
packet_data, 182872200, 112
packet_data, 182872200, 112
packet_data, 182872200, 112
packet_data, 182872200, 128
packet_data, 182872200, 128
packet_data, 182872200, 128
packet_data, 182872200, 128
packet_data, 182872200, 128
packet_data, 182872200, 1436
packet_data, 182872200, 1436
packet_data, 182872200, 16
packet_data, 182872200, 192
packet_data, 182872200, 272
packet_data, 182872200, 384
packet_data, 182872200, 672
packet_data, 182872200, 80
packet_data, 182872200, 80
packet_data, 182872200, 80
packet_data, 182872200, 80
packet_data, 182872200, 80
packet_data, 182872200, 80
packet_data, 182872200, 80
packet_data, 182872200, 80
packet_data, 182872200, 80
packet_data, 182872200, 80
packet_data, 182872200, 80
packet_data, 182872200, 80
packet_data, 182872200, 80
packet_data, 182872200, 80
packet_data, 182872200, 80
packet_data, 182872200, 80
packet_data, 182872200, 80
packet_data, 182872200, 80
packet_data, 182872200, 80
packet_data, 182872200, 80
packet_data, 182872200, 80
packet_data, 182872200, 80
packet_data, 182872200, 80
packet_data, 182872200, 80
packet_data, 182872200, 80
packet_data, 182872200, 80
packet_data, 182872200, 80
packet_data, 182872200, 80
packet_data, 182872200, 80
packet_data, 182872200, 80
packet_data, 182872200, 80
packet_data, 182872200, 80
packet_data, 182872200, 80
packet_data, 182872200, 80
packet_data, 182872200, 80
packet_data, 182872200, 80
packet_data, 182872200, 80
packet_data, 182872200, 80
packet_data, 182872200, 80
packet_data, 182872200, 80
packet_data, 182872200, 80
packet_data, 182872200, 80
packet_data, 182872200, 80
packet_data, 182872200, 80
packet_data, 182872200, 80
packet_data, 182872200, 80
packet_data, 182872200, 80
packet_data, 182872200, 80
packet_data, 182872200, 80
packet_data, 182872200, 80
packet_data, 182872200, 80
packet_data, 182872200, 80
packet_data, 182872200, 96
packet_data, 182872200, 96
packet_data, 182872200, 96
packet_data, 182872200, 96
packet_data, 3294832738, 112
packet_data, 3294832738, 112
packet_data, 3294832738, 112
packet_data, 3294832738, 112
packet_data, 3294832738, 112
packet_data, 3294832738, 112
packet_data, 3294832738, 112
packet_data, 3294832738, 112
packet_data, 3294832738, 112
packet_data, 3294832738, 112
packet_data, 3294832738, 112
packet_data, 3294832738, 112
packet_data, 3294832738, 112
packet_data, 3294832738, 112
packet_data, 3294832738, 112
packet_data, 3294832738, 112
packet_data, 3294832738, 112
packet_data, 3294832738, 112
packet_data, 3294832738, 112
packet_data, 3294832738, 112
packet_data, 3294832738, 112
packet_data, 3294832738, 112
packet_data, 3294832738, 112
packet_data, 3294832738, 112
packet_data, 3294832738, 112
packet_data, 3294832738, 112
packet_data, 3294832738, 112
packet_data, 3294832738, 112
packet_data, 3294832738, 112
packet_data, 3294832738, 112
packet_data, 3294832738, 112
packet_data, 3294832738, 112
packet_data, 3294832738, 112
packet_data, 3294832738, 112
packet_data, 3294832738, 112
packet_data, 3294832738, 112
packet_data, 3294832738, 112
packet_data, 3294832738, 112
packet_data, 3294832738, 112
packet_data, 3294832738, 1152
packet_data, 3294832738, 1152
packet_data, 3294832738, 144
packet_data, 3294832738, 144
packet_data, 3294832738, 144
packet_data, 3294832738, 144
packet_data, 3294832738, 144
packet_data, 3294832738, 144
packet_data, 3294832738, 144
packet_data, 3294832738, 144
packet_data, 3294832738, 144
packet_data, 3294832738, 16
packet_data, 3294832738, 160
packet_data, 3294832738, 160
packet_data, 3294832738, 160
packet_data, 3294832738, 160
packet_data, 3294832738, 176
packet_data, 3294832738, 176
packet_data, 3294832738, 176
packet_data, 3294832738, 176
packet_data, 3294832738, 176
packet_data, 3294832738, 176
packet_data, 3294832738, 176
packet_data, 3294832738, 208
packet_data, 3294832738, 224
packet_data, 3294832738, 240
packet_data, 3294832738, 256
packet_data, 3294832738, 528
packet_data, 3294832738, 528
packet_data, 3294832738, 720
packet_data, 3294832738, 80
packet_data, 3294832738, 80
packet_data, 3294832738, 80
packet_data, 3294832738, 80
packet_data, 3294832738, 80
packet_data, 3294832738, 80
packet_data, 3294832738, 80
packet_data, 3294832738, 80
packet_data, 3294832738, 80
packet_data, 3294832738, 80
packet_data, 3294832738, 80
packet_data, 3294832738, 96
